// Jest Snapshot v1, https://goo.gl/fbAQLP

exports[`Sidebar snapshot test 1`] = `
<div
  className="Sidebar"
>
  <form
    action="#"
    className="card"
  >
    <p>
      <input
        id="1"
        onClick={[Function]}
        type="checkbox"
      />
      <label
        htmlFor="1"
      >
        American
      </label>
    </p>
    <p>
      <input
        id="152"
        onClick={[Function]}
        type="checkbox"
      />
      <label
        htmlFor="152"
      >
        African
      </label>
    </p>
    <p>
      <input
        id="3"
        onClick={[Function]}
        type="checkbox"
      />
      <label
        htmlFor="3"
      >
        Asian
      </label>
    </p>
    <p>
      <input
        id="193"
        onClick={[Function]}
        type="checkbox"
      />
      <label
        htmlFor="193"
      >
        BBQ
      </label>
    </p>
    <p>
      <input
        id="158"
        onClick={[Function]}
        type="checkbox"
      />
      <label
        htmlFor="158"
      >
        Caribbean
      </label>
    </p>
    <p>
      <input
        id="40"
        onClick={[Function]}
        type="checkbox"
      />
      <label
        htmlFor="40"
      >
        Fast Food
      </label>
    </p>
    <p>
      <input
        id="143"
        onClick={[Function]}
        type="checkbox"
      />
      <label
        htmlFor="143"
      >
        Healthy Food
      </label>
    </p>
    <p>
      <input
        id="148"
        onClick={[Function]}
        type="checkbox"
      />
      <label
        htmlFor="148"
      >
        Indian
      </label>
    </p>
    <p>
      <input
        id="55"
        onClick={[Function]}
        type="checkbox"
      />
      <label
        htmlFor="55"
      >
        Italian
      </label>
    </p>
    <p>
      <input
        id="136"
        onClick={[Function]}
        type="checkbox"
      />
      <label
        htmlFor="136"
      >
        Latin American
      </label>
    </p>
    <p>
      <input
        id="137"
        onClick={[Function]}
        type="checkbox"
      />
      <label
        htmlFor="137"
      >
        Middle Eastern
      </label>
    </p>
    <p>
      <input
        id="83"
        onClick={[Function]}
        type="checkbox"
      />
      <label
        htmlFor="83"
      >
        Seafood
      </label>
    </p>
    <p>
      <input
        id="461"
        onClick={[Function]}
        type="checkbox"
      />
      <label
        htmlFor="461"
      >
        Soul Food
      </label>
    </p>
    <p>
      <input
        id="95"
        onClick={[Function]}
        type="checkbox"
      />
      <label
        htmlFor="95"
      >
        Thai
      </label>
    </p>
    <p>
      <input
        id="308"
        onClick={[Function]}
        type="checkbox"
      />
      <label
        htmlFor="308"
      >
        Vegetarian
      </label>
    </p>
  </form>
</div>
`;
